[www.cutout.pro/remove-background/upload.html]
[backblue.gif]
[fade.gif]
[index.html]
[d38b044pevnwc9.cloudfront.net/site/en/static/SEO/home.jpg]
[cdn.jsdelivr.net/npm/@mdi/font@latest/css/materialdesignicons.min.css]
[pagead2.googlesyndication.com/pagead/js/f.txt]
[d38b044pevnwc9.cloudfront.net/cutout-web/v2.3.86.ad/429aa9d.js]
[d38b044pevnwc9.cloudfront.net/cutout-web/v2.3.86.ad/571028b.js]
[d38b044pevnwc9.cloudfront.net/cutout-web/v2.3.86.ad/css/7f43e6a.css]
[d38b044pevnwc9.cloudfront.net/cutout-web/v2.3.86.ad/24b2a03.js]
[d38b044pevnwc9.cloudfront.net/cutout-web/v2.3.86.ad/css/104c4ed.css]
[d38b044pevnwc9.cloudfront.net/cutout-web/v2.3.86.ad/354c9c1.js]
[d38b044pevnwc9.cloudfront.net/cutout-web/v2.3.86.ad/css/a7915dd.css]
[d38b044pevnwc9.cloudfront.net/cutout-web/v2.3.86.ad/d944c4a.js]
[d38b044pevnwc9.cloudfront.net/cutout-web/v2.3.86.ad/0f590e1.js]
[d38b044pevnwc9.cloudfront.net/cutout-web/v2.3.86.ad/css/fb690b2.css]
[d38b044pevnwc9.cloudfront.net/cutout-web/v2.3.86.ad/e450860.js]
[d38b044pevnwc9.cloudfront.net/cutout-web/v2.3.86.ad/css/914cedf.css]
[d38b044pevnwc9.cloudfront.net/cutout-web/v2.3.86.ad/afae5aa.js]
[d38b044pevnwc9.cloudfront.net/cutout-web/v2.3.86.ad/css/e464f29.css]
[d38b044pevnwc9.cloudfront.net/cutout-web/v2.3.86.ad/5254f61.js]
[d38b044pevnwc9.cloudfront.net/cutout-nuxt/deeplor/logo-b.png]
[d38b044pevnwc9.cloudfront.net/site/en/cutoutImg/removeBack/1-small.png]
[d38b044pevnwc9.cloudfront.net/site/en/cutoutImg/removeBack/2-small.png]
[d38b044pevnwc9.cloudfront.net/site/en/cutoutImg/removeBack/3-small.png]
[d38b044pevnwc9.cloudfront.net/site/en/cutoutImg/removeBack/4-small.png]
[www.cutout.pro/remove-background/upload.html]
[cdn.jsdelivr.net/npm/@mdi/font@latest/css/materialdesignicons.min.css]
[www.googletagmanager.com/gtm5445.html]
[d38b044pevnwc9.cloudfront.net/cutout-web/v2.3.86.ad/css/7f43e6a.css]
[d38b044pevnwc9.cloudfront.net/cutout-web/v2.3.86.ad/css/104c4ed.css]
[d38b044pevnwc9.cloudfront.net/site/en/assets/image/moveW.png]
[d38b044pevnwc9.cloudfront.net/cutout-web/v2.3.86.ad/css/a7915dd.css]
[d38b044pevnwc9.cloudfront.net/cutout-web/v2.3.86.ad/css/fb690b2.css]
[d38b044pevnwc9.cloudfront.net/cutout-web/v2.3.86.ad/css/914cedf.css]
[d38b044pevnwc9.cloudfront.net/cutout-web/v2.3.86.ad/css/e464f29.css]
